[2026-09-29T17:07:29Z INFO  loomtty_server::daemon] shell integration scripts at /private/tmp/loom-perf-final-04-20260930/r1-before/tmp/loom/shell-integration
[2026-09-29T17:07:29Z INFO  loomtty_server::daemon] loomtty-server listening on /private/tmp/loom-perf-final-04-20260930/r1-before/tmp/loom/loom.sock
[2026-09-29T17:07:29Z INFO  loomtty] config: font=Menlo size=10, session=bench-64343-1
[2026-09-29T17:07:29Z INFO  loom_gpu::blade] GPU adapter: Apple M6 (driver: Metal)
[2026-09-29T17:07:29Z INFO  loom_gpu::blade] Surface format: Bgra8Unorm
[2026-09-29T17:07:29Z INFO  loom_gpu] using blade (Vulkan/Metal) backend
[2026-09-29T17:07:29Z INFO  loom_render::shaper] CJK: loaded 'PingFang SC' from /System/Library/PrivateFrameworks/FontServices.framework/Resources/Reserved/PingFangUI.ttc
[2026-09-29T17:07:29Z INFO  loom_render::shaper] primary font: Menlo (monospaced=true)
[2026-09-29T17:07:29Z INFO  loom_render::shaper] emoji font: Apple Color Emoji
[2026-09-29T17:07:29Z INFO  loom_render::shaper] CJK: CTFontCreateForString selected 'PingFang SC' (ps='PingFangSC-Regular') for U+6C34 '水'
[2026-09-29T17:07:29Z INFO  loom_render::shaper] CJK: fuzzy matched fontdb face 'PingFang SC' (weight=500) for system-selected 'PingFang SC'
[2026-09-29T17:07:29Z INFO  loom_render::shaper] CoreText discovery: loading primary CTFont from '/System/Library/Fonts/Menlo.ttc' face_index=0
[2026-09-29T17:07:29Z INFO  loom_render::shaper] CoreText discovery: primary CTFont ps_name='Menlo-Regular' family='Menlo'
[2026-09-29T17:07:29Z INFO  loom_render::shaper] CoreText discovery: loading CJK CTFont from '/System/Library/PrivateFrameworks/FontServices.framework/Resources/Reserved/PingFangUI.ttc' face_index=20
[2026-09-29T17:07:29Z INFO  loom_render::shaper] CoreText: loaded face[20] of '/System/Library/PrivateFrameworks/FontServices.framework/Resources/Reserved/PingFangUI.ttc' by PostScript name 'PingFangSC-Medium'
[2026-09-29T17:07:29Z INFO  loom_render::shaper] CoreText discovery: CJK CTFont ps_name='PingFangSC-Regular' family='PingFang SC'
[2026-09-29T17:07:29Z INFO  loom_render::shaper] CoreText discovery: loading emoji CTFont from '/System/Library/Fonts/Apple Color Emoji.ttc' face_index=0
[2026-09-29T17:07:29Z INFO  loom_render::shaper] CoreText discovery: emoji CTFont ps_name='AppleColorEmoji' family='Apple Color Emoji'
[2026-09-29T17:07:29Z INFO  loomtty::app] UI font resolved: '(system sans-serif)' → /System/Library/Fonts/Supplemental/Arial.ttf
[2026-09-29T17:07:29Z INFO  loom_render::glyph_cache] CoreText cache: initializing pixel_size=13.3 family='Menlo' primary_path=Some(("/System/Library/Fonts/Menlo.ttc", 0)) emoji_path=Some(("/System/Library/Fonts/Apple Color Emoji.ttc", 0)) cjk_path=Some(("/System/Library/PrivateFrameworks/FontServices.framework/Resources/Reserved/PingFangUI.ttc", 20))
[2026-09-29T17:07:29Z INFO  loom_render::glyph_cache::rasterize_coretext] CoreText raster: primary[Regular] ps_name='Menlo-Regular' family='Menlo' synth_bold=false synth_italic=false
[2026-09-29T17:07:29Z INFO  loom_render::glyph_cache::rasterize_coretext] CoreText raster: primary[Bold] ps_name='Menlo-Bold' family='Menlo' synth_bold=false synth_italic=false
[2026-09-29T17:07:29Z INFO  loom_render::glyph_cache::rasterize_coretext] CoreText raster: primary[Italic] ps_name='Menlo-Italic' family='Menlo' synth_bold=false synth_italic=false
[2026-09-29T17:07:29Z INFO  loom_render::glyph_cache::rasterize_coretext] CoreText raster: primary[BoldItalic] ps_name='Menlo-BoldItalic' family='Menlo' synth_bold=false synth_italic=false
[2026-09-29T17:07:29Z INFO  loom_render::glyph_cache::rasterize_coretext] CoreText raster: primary metrics ascent=12.38 descent=3.14 leading=0.00 units_per_em=2048
[2026-09-29T17:07:29Z INFO  loom_render::glyph_cache::rasterize_coretext] CoreText raster: emoji font ps_name='AppleColorEmoji' family='Apple Color Emoji' is_color(sbix)=true
[2026-09-29T17:07:29Z INFO  loom_render::shaper] CoreText: loaded face[20] of '/System/Library/PrivateFrameworks/FontServices.framework/Resources/Reserved/PingFangUI.ttc' by PostScript name 'PingFangSC-Medium'
[2026-09-29T17:07:29Z INFO  loom_render::glyph_cache::rasterize_coretext] CoreText raster: CJK font ps_name='PingFangSC-Regular' family='PingFang SC' pt_size=13.3
[2026-09-29T17:07:29Z INFO  loom_render::glyph_cache::metrics_coretext] CT metrics: raw CTFont ascent=12.3763 descent=3.1445 leading=0.0000 units_per_em=2048 pt_size=13.3
[2026-09-29T17:07:29Z INFO  loom_render::glyph_cache::metrics_coretext] CT metrics: max ASCII advance = 8.0273 (measured from printable ASCII)
[2026-09-29T17:07:29Z INFO  loom_render::glyph_cache::metrics_coretext] font metrics (CoreText): ascent=12.38 descent=3.14 leading=0.00 face_h=15.52 face_w=8.03 cw=8.0 ch=16.0 baseline=13.0
[2026-09-29T17:07:29Z INFO  loom_render::glyph_cache::cjk_coretext] CJK sizing: '水' advance in CJK font = 13.6000
[2026-09-29T17:07:29Z INFO  loom_render::glyph_cache::cjk_coretext] CJK sizing: primary font lacks '水', estimating advance = 16.0000
[2026-09-29T17:07:29Z INFO  loom_render::glyph_cache::cjk_coretext] CJK size adjustment (CoreText): primary_ic=16.00 (1.200em) cjk_ic=13.60 (1.020em) scale=1.176 px=13.3→15.7
[2026-09-29T17:07:29Z INFO  loom_render::glyph_cache::rasterize_coretext] CoreText: CJK font resized to 15.7px
[2026-09-29T17:07:29Z INFO  loomtty::app::event] cell: 8.0x16.0 ascent=13.0 (dpi_scale=1.00)
[2026-09-29T17:07:29Z INFO  loomtty::app::event] connecting to session 'bench-64343-1'
[2026-09-29T17:07:29Z WARN  loomtty_server::daemon] failed to get peer credentials, rejecting: Socket is not connected (os error 57)
[2026-09-29T17:07:29Z INFO  loomtty::app::event] config watcher active: /private/tmp/loom-perf-final-04-20260930/r1-before/settings/loomtty.toml (watching parent /private/tmp/loom-perf-final-04-20260930/r1-before/settings)
[2026-09-29T17:07:29Z INFO  loomtty_server::daemon::connection] client handshake ok (v0.1.0), session=bench-64343-1
[2026-09-29T17:07:29Z INFO  loomtty_server::daemon::connection] client requested session: bench-64343-1
[2026-09-29T17:07:29Z INFO  loomtty_server::daemon::session] create_pane 1: viewport=1024x768 col_px=1024.0 cell=8x16 inset=0 → 128x48
[2026-09-29T17:07:29Z INFO  loom_layout::workspace] add_column_right: pane=1 viewport=1024x768 existing_cols=0 default_width=Proportion(0.5)
[2026-09-29T17:07:29Z INFO  loom_layout::workspace]   after: col[0] width=Proportion(1.0) effective=1024.0px
[2026-09-29T17:07:29Z INFO  loomtty_server::daemon::connection] client 1 connected to session 'bench-64343-1'
[2026-09-29T17:07:29Z INFO  loomtty::connection] server handshake ok (v0.1.0)
[2026-09-29T17:07:37Z INFO  loomtty_server::daemon::tick] session 'bench-64343-1': all panes exited, removing session
[2026-09-29T17:07:37Z INFO  loomtty_server::daemon::tick] all sessions ended and no clients, idle shutdown in 300s
[2026-09-29T17:07:37Z INFO  loomtty::app::sync] server shut down, exiting
[2026-09-29T17:07:38Z INFO  loomtty_server::daemon] received SIGTERM
[2026-09-29T17:07:38Z INFO  loomtty_server::daemon::connection] shutting down gracefully
[2026-09-29T17:07:38Z INFO  loomtty_server::daemon] accept loop shutting down
