Round 1/3: before
  loomtty: idle 5.005s
  loomtty: warm_idle 5.005s
  loomtty: ascii 0.039s
  loomtty: truecolor 0.033s
  loomtty: cjk 0.032s
  loomtty: emoji 0.029s
  loomtty: scroll 0.045s
  loomtty: cursor 0.040s
  loomtty: latency 1.261s
  loomtty: loaded_latency 0.034s
  loomtty: tui_full 10.002s
  loomtty: tui_partial 10.002s
  loomtty: scrollback 0.007s
  loomtty: post_idle 5.005s
Round 1/3: after
  loomtty: idle 5.002s
  loomtty: warm_idle 5.005s
  loomtty: ascii 0.033s
  loomtty: truecolor 0.026s
  loomtty: cjk 0.026s
  loomtty: emoji 0.024s
  loomtty: scroll 0.040s
  loomtty: cursor 0.033s
  loomtty: latency 1.251s
  loomtty: loaded_latency 0.030s
  loomtty: tui_full 10.003s
  loomtty: tui_partial 10.003s
  loomtty: scrollback 0.006s
  loomtty: post_idle 5.005s
Round 2/3: after
  loomtty: idle 5.005s
  loomtty: warm_idle 5.003s
  loomtty: ascii 0.034s
  loomtty: truecolor 0.026s
  loomtty: cjk 0.026s
  loomtty: emoji 0.023s
  loomtty: scroll 0.039s
  loomtty: cursor 0.033s
  loomtty: latency 1.241s
  loomtty: loaded_latency 0.030s
  loomtty: tui_full 10.004s
  loomtty: tui_partial 10.004s
  loomtty: scrollback 0.006s
  loomtty: post_idle 5.005s
Round 2/3: before
  loomtty: idle 5.005s
  loomtty: warm_idle 5.005s
  loomtty: ascii 0.037s
  loomtty: truecolor 0.033s
  loomtty: cjk 0.030s
  loomtty: emoji 0.030s
  loomtty: scroll 0.043s
  loomtty: cursor 0.037s
  loomtty: latency 1.240s
  loomtty: loaded_latency 0.032s
  loomtty: tui_full 10.003s
  loomtty: tui_partial 10.004s
  loomtty: scrollback 0.006s
  loomtty: post_idle 5.005s
Round 3/3: before
  loomtty: idle 5.005s
  loomtty: warm_idle 5.005s
  loomtty: ascii 0.037s
  loomtty: truecolor 0.030s
  loomtty: cjk 0.030s
  loomtty: emoji 0.027s
  loomtty: scroll 0.043s
  loomtty: cursor 0.037s
  loomtty: latency 1.252s
  loomtty: loaded_latency 0.031s
  loomtty: tui_full 10.004s
  loomtty: tui_partial 10.002s
  loomtty: scrollback 0.006s
  loomtty: post_idle 5.005s
Round 3/3: after
  loomtty: idle 5.005s
  loomtty: warm_idle 5.005s
  loomtty: ascii 0.032s
  loomtty: truecolor 0.026s
  loomtty: cjk 0.025s
  loomtty: emoji 0.024s
  loomtty: scroll 0.039s
  loomtty: cursor 0.033s
  loomtty: latency 1.249s
  loomtty: loaded_latency 0.029s
  loomtty: tui_full 10.004s
  loomtty: tui_partial 10.003s
  loomtty: scrollback 0.006s
  loomtty: post_idle 5.005s
Report: /private/tmp/loom-cpu-paired-02-20260930/report.md
