Round 1/3: before
  loomtty: idle 5.005s
  loomtty: warm_idle 5.005s
  loomtty: ascii 0.038s
  loomtty: truecolor 0.031s
  loomtty: cjk 0.031s
  loomtty: emoji 0.028s
  loomtty: scroll 0.043s
  loomtty: cursor 0.039s
  loomtty: latency 1.258s
  loomtty: loaded_latency 0.033s
  loomtty: tui_full 10.004s
  loomtty: tui_partial 10.001s
  loomtty: scrollback 0.007s
  loomtty: post_idle 5.005s
Round 1/3: after
  loomtty: idle 5.005s
  loomtty: warm_idle 5.005s
  loomtty: ascii 0.039s
  loomtty: truecolor 0.028s
  loomtty: cjk 0.028s
  loomtty: emoji 0.024s
  loomtty: scroll 0.041s
  loomtty: cursor 0.034s
  loomtty: latency 1.253s
  loomtty: loaded_latency 0.031s
  loomtty: tui_full 10.002s
  loomtty: tui_partial 10.004s
  loomtty: scrollback 0.006s
  loomtty: post_idle 5.005s
Round 2/3: after
  loomtty: idle 5.005s
  loomtty: warm_idle 5.005s
  loomtty: ascii 0.035s
  loomtty: truecolor 0.027s
  loomtty: cjk 0.026s
  loomtty: emoji 0.024s
  loomtty: scroll 0.039s
  loomtty: cursor 0.036s
  loomtty: latency 1.265s
  loomtty: loaded_latency 0.029s
  loomtty: tui_full 10.003s
  loomtty: tui_partial 10.003s
  loomtty: scrollback 0.006s
  loomtty: post_idle 5.005s
Round 2/3: before
  loomtty: idle 5.005s
  loomtty: warm_idle 5.005s
  loomtty: ascii 0.038s
  loomtty: truecolor 0.032s
  loomtty: cjk 0.031s
  loomtty: emoji 0.028s
  loomtty: scroll 0.043s
  loomtty: cursor 0.038s
  loomtty: latency 1.253s
  loomtty: loaded_latency 0.033s
  loomtty: tui_full 10.004s
  loomtty: tui_partial 10.003s
  loomtty: scrollback 0.007s
  loomtty: post_idle 5.005s
Round 3/3: before
  loomtty: idle 5.005s
  loomtty: warm_idle 5.005s
  loomtty: ascii 0.037s
  loomtty: truecolor 0.031s
  loomtty: cjk 0.030s
  loomtty: emoji 0.027s
  loomtty: scroll 0.043s
  loomtty: cursor 0.038s
  loomtty: latency 1.243s
  loomtty: loaded_latency 0.034s
  loomtty: tui_full 10.003s
  loomtty: tui_partial 10.004s
  loomtty: scrollback 0.007s
  loomtty: post_idle 5.005s
Round 3/3: after
  loomtty: idle 5.005s
  loomtty: warm_idle 5.004s
  loomtty: ascii 0.033s
  loomtty: truecolor 0.027s
  loomtty: cjk 0.027s
  loomtty: emoji 0.024s
  loomtty: scroll 0.041s
  loomtty: cursor 0.034s
  loomtty: latency 1.249s
  loomtty: loaded_latency 0.036s
  loomtty: tui_full 10.004s
  loomtty: tui_partial 10.001s
  loomtty: scrollback 0.007s
  loomtty: post_idle 5.003s
Report: /private/tmp/loom-cpu-paired-20260930/report.md
